// Jest Snapshot v1, https://goo.gl/fbAQLP

exports[`TopBar snapshot test 1`] = `
<v-app-bar
  app=""
  dark=""
>
  <v-app-bar-nav-icon />
   
  <v-toolbar-title>
    HPADesign
  </v-toolbar-title>
</v-app-bar>
`;
