// Jest Snapshot v1, https://goo.gl/fbAQLP

exports[`AirfoilExportButton snapshot test 1`] = `
<div>
  <v-menu
    offset-y=""
  >
     
    <v-list>
      <v-list-item>
        <v-list-item-title>
          dat
        </v-list-item-title>
      </v-list-item>
       
      <v-list-item>
        <v-list-item-title>
          dxf
        </v-list-item-title>
      </v-list-item>
    </v-list>
  </v-menu>
</div>
`;
