// Jest Snapshot v1, https://goo.gl/fbAQLP

exports[`BezierFoilCanvas snapshot test 1`] = `
<canvas
  height="200"
  width="600"
/>
`;
