// Jest Snapshot v1, https://goo.gl/fbAQLP

exports[`AIAirfoilCanvas snapshot test 1`] = `<div />`;
